[INFO] Inside MODULE @1
[CRITICAL] INSIDE MODULE @2
